c:\home\programs\c++\dev\rendzu_game\rendzu\release\game.bsc
c:\home\programs\c++\dev\rendzu_game\rendzu\release\game.pch
c:\home\programs\c++\dev\rendzu_game\rendzu\release\vc143.pdb
c:\home\programs\c++\dev\rendzu_game\rendzu\release\stdafx.sbr
c:\home\programs\c++\dev\rendzu_game\rendzu\release\stdafx.obj
c:\home\programs\c++\dev\rendzu_game\rendzu\release\basetypes.sbr
c:\home\programs\c++\dev\rendzu_game\rendzu\release\compute.sbr
c:\home\programs\c++\dev\rendzu_game\rendzu\release\game.sbr
c:\home\programs\c++\dev\rendzu_game\rendzu\release\gamedata.sbr
c:\home\programs\c++\dev\rendzu_game\rendzu\release\gamedoc.sbr
c:\home\programs\c++\dev\rendzu_game\rendzu\release\gamemanager.sbr
c:\home\programs\c++\dev\rendzu_game\rendzu\release\gameview.sbr
c:\home\programs\c++\dev\rendzu_game\rendzu\release\mainfrm.sbr
c:\home\programs\c++\dev\rendzu_game\rendzu\release\pattern.sbr
c:\home\programs\c++\dev\rendzu_game\rendzu\release\settingdlg.sbr
c:\home\programs\c++\dev\rendzu_game\rendzu\release\shape.sbr
c:\home\programs\c++\dev\rendzu_game\rendzu\release\shell.sbr
c:\home\programs\c++\dev\rendzu_game\rendzu\release\tablesupdate.sbr
c:\home\programs\c++\dev\rendzu_game\rendzu\release\tablesupdate.obj
c:\home\programs\c++\dev\rendzu_game\rendzu\release\shell.obj
c:\home\programs\c++\dev\rendzu_game\rendzu\release\shape.obj
c:\home\programs\c++\dev\rendzu_game\rendzu\release\settingdlg.obj
c:\home\programs\c++\dev\rendzu_game\rendzu\release\pattern.obj
c:\home\programs\c++\dev\rendzu_game\rendzu\release\mainfrm.obj
c:\home\programs\c++\dev\rendzu_game\rendzu\release\gameview.obj
c:\home\programs\c++\dev\rendzu_game\rendzu\release\gamemanager.obj
c:\home\programs\c++\dev\rendzu_game\rendzu\release\gamedoc.obj
c:\home\programs\c++\dev\rendzu_game\rendzu\release\gamedata.obj
c:\home\programs\c++\dev\rendzu_game\rendzu\release\game.obj
c:\home\programs\c++\dev\rendzu_game\rendzu\release\compute.obj
c:\home\programs\c++\dev\rendzu_game\rendzu\release\basetypes.obj
c:\home\programs\c++\dev\rendzu_game\rendzu\release\rendzu.exe
c:\home\programs\c++\dev\rendzu_game\rendzu\release\rendzu.pdb
c:\home\programs\c++\dev\rendzu_game\rendzu\release\game.res
c:\home\programs\c++\rendzu\publish\rendzu\release\basetypes.obj
c:\home\programs\c++\rendzu\publish\rendzu\release\compute.obj
c:\home\programs\c++\rendzu\publish\rendzu\release\game.obj
c:\home\programs\c++\rendzu\publish\rendzu\release\gamedata.obj
c:\home\programs\c++\rendzu\publish\rendzu\release\gamedoc.obj
c:\home\programs\c++\rendzu\publish\rendzu\release\gamemanager.obj
c:\home\programs\c++\rendzu\publish\rendzu\release\gameview.obj
c:\home\programs\c++\rendzu\publish\rendzu\release\mainfrm.obj
c:\home\programs\c++\rendzu\publish\rendzu\release\pattern.obj
c:\home\programs\c++\rendzu\publish\rendzu\release\settingdlg.obj
c:\home\programs\c++\rendzu\publish\rendzu\release\shape.obj
c:\home\programs\c++\rendzu\publish\rendzu\release\shell.obj
c:\home\programs\c++\rendzu\publish\rendzu\release\stdafx.obj
c:\home\programs\c++\rendzu\publish\rendzu\release\tablesupdate.obj
c:\home\programs\c++\rendzu\publish\rendzu\release\game.res
c:\home\programs\c++\rendzu\publish\rendzu\release\game.pch
c:\home\programs\c++\rendzu\publish\rendzu\release\rendzu.pdb
c:\home\programs\c++\rendzu\publish\rendzu\release\vc143.pdb
c:\home\programs\c++\rendzu\publish\rendzu\release\game.bsc
c:\home\programs\c++\rendzu\publish\rendzu\release\basetypes.sbr
c:\home\programs\c++\rendzu\publish\rendzu\release\compute.sbr
c:\home\programs\c++\rendzu\publish\rendzu\release\game.sbr
c:\home\programs\c++\rendzu\publish\rendzu\release\gamedata.sbr
c:\home\programs\c++\rendzu\publish\rendzu\release\gamedoc.sbr
c:\home\programs\c++\rendzu\publish\rendzu\release\gamemanager.sbr
c:\home\programs\c++\rendzu\publish\rendzu\release\gameview.sbr
c:\home\programs\c++\rendzu\publish\rendzu\release\mainfrm.sbr
c:\home\programs\c++\rendzu\publish\rendzu\release\pattern.sbr
c:\home\programs\c++\rendzu\publish\rendzu\release\settingdlg.sbr
c:\home\programs\c++\rendzu\publish\rendzu\release\shape.sbr
c:\home\programs\c++\rendzu\publish\rendzu\release\shell.sbr
c:\home\programs\c++\rendzu\publish\rendzu\release\stdafx.sbr
c:\home\programs\c++\rendzu\publish\rendzu\release\tablesupdate.sbr
c:\home\programs\c++\rendzu\publish\rendzu\release\rendzu.exe
c:\home\programs\c++\rendzu\publish\rendzu\release\rendzu.tlog\bscmake.command.1.tlog
c:\home\programs\c++\rendzu\publish\rendzu\release\rendzu.tlog\bscmake.read.1.tlog
c:\home\programs\c++\rendzu\publish\rendzu\release\rendzu.tlog\bscmake.write.1.tlog
c:\home\programs\c++\rendzu\publish\rendzu\release\rendzu.tlog\cl.command.1.tlog
c:\home\programs\c++\rendzu\publish\rendzu\release\rendzu.tlog\cl.items.tlog
c:\home\programs\c++\rendzu\publish\rendzu\release\rendzu.tlog\cl.read.1.tlog
c:\home\programs\c++\rendzu\publish\rendzu\release\rendzu.tlog\cl.write.1.tlog
c:\home\programs\c++\rendzu\publish\rendzu\release\rendzu.tlog\link.command.1.tlog
c:\home\programs\c++\rendzu\publish\rendzu\release\rendzu.tlog\link.read.1.tlog
c:\home\programs\c++\rendzu\publish\rendzu\release\rendzu.tlog\link.secondary.1.tlog
c:\home\programs\c++\rendzu\publish\rendzu\release\rendzu.tlog\link.write.1.tlog
c:\home\programs\c++\rendzu\publish\rendzu\release\rendzu.tlog\rc.command.1.tlog
c:\home\programs\c++\rendzu\publish\rendzu\release\rendzu.tlog\rc.read.1.tlog
c:\home\programs\c++\rendzu\publish\rendzu\release\rendzu.tlog\rc.write.1.tlog
